// Jest Snapshot v1, https://goo.gl/fbAQLP

exports[`<RegistrationUI /> should render correctly 1`] = `"<section class=\\"login\\"><h1 class=\\"header\\">Movies</h1><form class=\\"form\\"><h2 class=\\"formTitle\\">Registration Form</h2><label>Input your name<input id=\\"name\\" placeholder=\\"Input your name\\"/></label><label>Input your password<input type=\\"password\\" id=\\"password\\" placeholder=\\"Input your password\\"/></label><p id=\\"incorrect\\" class=\\"incorrect\\"></p><button>Register</button><p class=\\"register\\">Don&#x27;t have an account?</p></form></section>"`;
